<html>
<body>
<pre>
<h1>µVision Build Log</h1>
<h2>Project:</h2>
C:\Users\Kevin\Documents\GitHub\EE319K\Lab 8\Lab 8.uvproj
Project File Date:  04/11/2013

<h2>Output:</h2>
Rebuild target 'Lab8'
assembling Startup.s...
compiling Lab8.c...
assembling pll.s...
assembling LCD.s...
compiling adc.c...
compiling SysTick.c...
linking...
Program Size: Code=1756 RO-data=32 RW-data=12 ZI-data=1028  
"Lab8.axf" - 0 Error(s), 0 Warning(s).
Load "C:\\Users\\Kevin\\Documents\\GitHub\\EE319K\\Lab 8\\Lab8.AXF" 
Warning: OSC to JTAG clock ratio violation - JTAG clock has been automatically adjusted to comply.
Connecting: Mode=JTAG, Speed=600000Hz
Erase Done.
Programming Done.
Verify OK.
