<html>
<body>
<pre>
<h1>µVision Build Log</h1>
<h2>Project:</h2>
C:\Users\Kevin\Documents\GitHub\EE319K\Cosmonaut\Cosmonaut.uvproj
Project File Date:  05/01/2013

<h2>Output:</h2>
Load "C:\\Users\\Kevin\\Documents\\GitHub\\EE319K\\Cosmonaut\\Cosmonaut.AXF" 
Warning: OSC to JTAG clock ratio violation - JTAG clock has been automatically adjusted to comply.
Connecting: Mode=JTAG, Speed=600000Hz
Erase Done.
Programming Done.
Verify OK.
Build target 'BulletHell'
compiling actor.c...
linking...
Program Size: Code=7356 RO-data=23548 RW-data=68 ZI-data=15412  
"Cosmonaut.axf" - 0 Error(s), 0 Warning(s).
Rebuild target 'BulletHell'
assembling Startup.s...
compiling actor.c...
compiling graphics.c...
compiling sound.c...
compiling SysTick.c...
compiling Cosmonaut.c...
compiling utils.c...
compiling draw.c...
compiling rit128x96x4.c...
compiling controller.c...
compiling dac.c...
compiling adc.c...
linking...
Program Size: Code=7356 RO-data=23548 RW-data=68 ZI-data=15412  
"Cosmonaut.axf" - 0 Error(s), 0 Warning(s).
Load "C:\\Users\\Kevin\\Documents\\GitHub\\EE319K\\Cosmonaut\\Cosmonaut.AXF" 
Warning: OSC to JTAG clock ratio violation - JTAG clock has been automatically adjusted to comply.
Connecting: Mode=JTAG, Speed=600000Hz
Erase Done.
Programming Done.
Verify OK.
Rebuild target 'BulletHell'
assembling Startup.s...
compiling actor.c...
compiling graphics.c...
compiling sound.c...
compiling SysTick.c...
compiling Cosmonaut.c...
compiling utils.c...
compiling draw.c...
compiling rit128x96x4.c...
compiling controller.c...
compiling dac.c...
compiling adc.c...
linking...
Program Size: Code=7356 RO-data=23548 RW-data=68 ZI-data=15412  
"Cosmonaut.axf" - 0 Error(s), 0 Warning(s).
Load "C:\\Users\\Kevin\\Documents\\GitHub\\EE319K\\Cosmonaut\\Cosmonaut.AXF" 
Warning: OSC to JTAG clock ratio violation - JTAG clock has been automatically adjusted to comply.
Connecting: Mode=JTAG, Speed=600000Hz
Erase Done.
Programming Done.
Verify OK.
Rebuild target 'BulletHell'
assembling Startup.s...
compiling actor.c...
compiling graphics.c...
compiling sound.c...
compiling SysTick.c...
compiling Cosmonaut.c...
compiling utils.c...
compiling draw.c...
compiling rit128x96x4.c...
compiling controller.c...
compiling dac.c...
compiling adc.c...
linking...
Program Size: Code=7356 RO-data=23548 RW-data=68 ZI-data=15356  
"Cosmonaut.axf" - 0 Error(s), 0 Warning(s).
Load "C:\\Users\\Kevin\\Documents\\GitHub\\EE319K\\Cosmonaut\\Cosmonaut.AXF" 
Warning: OSC to JTAG clock ratio violation - JTAG clock has been automatically adjusted to comply.
Connecting: Mode=JTAG, Speed=600000Hz
Erase Done.
Programming Done.
Verify OK.
